// Jest Snapshot v1, https://goo.gl/fbAQLP

exports[`Badge component snapshot should match 1`] = `
<div
  className="sc-bdVaJa jaOyYS"
>
  <div
    className="sc-bwzfXH qasir-badge fQeyyG"
    color="#F04B32"
  >
    38
  </div>
</div>
`;
