// Jest Snapshot v1, https://goo.gl/fbAQLP

exports[`Qasir component Should Exports all components 1`] = `
Object {
  "Button": [Function],
}
`;
